[2026-01-15 20:10:24.044047] Started. out_dir=Mapping_landscape_ABM/Outputs/filter_run_20260115_201024
New names:
• `` -> `...1`
Rows: 201 Columns: 4
── Column specification ────────────────────────────────────────────────────────
Delimiter: ","
chr (1): abstract
dbl (3): ...1, id, out_of_scope

ℹ Use `spec()` to retrieve the full column specification for this data.
ℹ Specify the column types or set `show_col_types = FALSE` to quiet this message.
[2026-01-15 20:11:43.510859] Encoding labels (201 abstracts)...
[2026-01-15 20:11:53.215526] Saved label embeddings.
[2026-01-15 20:11:53.247678] CV run 1/100
[2026-01-15 20:11:53.395567] CV run 2/100
[2026-01-15 20:11:53.529083] CV run 3/100
[2026-01-15 20:11:53.658905] CV run 4/100
[2026-01-15 20:11:53.791751] CV run 5/100
[2026-01-15 20:11:53.924075] CV run 6/100
[2026-01-15 20:11:54.055105] CV run 7/100
[2026-01-15 20:11:54.184389] CV run 8/100
[2026-01-15 20:11:54.316779] CV run 9/100
[2026-01-15 20:11:54.457379] CV run 10/100
[2026-01-15 20:11:54.590167] CV run 11/100
[2026-01-15 20:11:54.723071] CV run 12/100
[2026-01-15 20:11:54.854004] CV run 13/100
[2026-01-15 20:11:54.996435] CV run 14/100
[2026-01-15 20:11:55.135591] CV run 15/100
[2026-01-15 20:11:55.265598] CV run 16/100
[2026-01-15 20:11:55.40136] CV run 17/100
[2026-01-15 20:11:55.544969] CV run 18/100
[2026-01-15 20:11:55.684727] CV run 19/100
[2026-01-15 20:11:55.818619] CV run 20/100
[2026-01-15 20:11:55.949404] CV run 21/100
[2026-01-15 20:11:56.08227] CV run 22/100
[2026-01-15 20:11:56.216069] CV run 23/100
[2026-01-15 20:11:56.353143] CV run 24/100
[2026-01-15 20:11:56.488512] CV run 25/100
[2026-01-15 20:11:56.623281] CV run 26/100
[2026-01-15 20:11:56.758489] CV run 27/100
[2026-01-15 20:11:56.888826] CV run 28/100
[2026-01-15 20:11:57.022992] CV run 29/100
[2026-01-15 20:11:57.160652] CV run 30/100
[2026-01-15 20:11:57.293425] CV run 31/100
[2026-01-15 20:11:57.437056] CV run 32/100
[2026-01-15 20:11:57.565902] CV run 33/100
[2026-01-15 20:11:57.696456] CV run 34/100
[2026-01-15 20:11:57.8255] CV run 35/100
[2026-01-15 20:11:57.964524] CV run 36/100
[2026-01-15 20:11:58.096386] CV run 37/100
[2026-01-15 20:11:58.227623] CV run 38/100
[2026-01-15 20:11:58.357626] CV run 39/100
[2026-01-15 20:11:58.492531] CV run 40/100
[2026-01-15 20:11:58.634928] CV run 41/100
[2026-01-15 20:11:58.76623] CV run 42/100
[2026-01-15 20:11:58.900082] CV run 43/100
[2026-01-15 20:11:59.031451] CV run 44/100
[2026-01-15 20:11:59.173476] CV run 45/100
[2026-01-15 20:11:59.305032] CV run 46/100
[2026-01-15 20:11:59.436455] CV run 47/100
[2026-01-15 20:11:59.573839] CV run 48/100
[2026-01-15 20:11:59.710819] CV run 49/100
[2026-01-15 20:12:00.000425] CV run 50/100
[2026-01-15 20:12:00.13129] CV run 51/100
[2026-01-15 20:12:00.260556] CV run 52/100
[2026-01-15 20:12:00.397501] CV run 53/100
[2026-01-15 20:12:00.5276] CV run 54/100
[2026-01-15 20:12:00.657046] CV run 55/100
[2026-01-15 20:12:00.793916] CV run 56/100
[2026-01-15 20:12:00.920611] CV run 57/100
[2026-01-15 20:12:01.056921] CV run 58/100
[2026-01-15 20:12:01.191226] CV run 59/100
[2026-01-15 20:12:01.320571] CV run 60/100
[2026-01-15 20:12:01.452025] CV run 61/100
[2026-01-15 20:12:01.585749] CV run 62/100
[2026-01-15 20:12:01.714529] CV run 63/100
[2026-01-15 20:12:01.848458] CV run 64/100
[2026-01-15 20:12:01.981866] CV run 65/100
[2026-01-15 20:12:02.111274] CV run 66/100
[2026-01-15 20:12:02.241548] CV run 67/100
[2026-01-15 20:12:02.375066] CV run 68/100
[2026-01-15 20:12:02.504006] CV run 69/100
[2026-01-15 20:12:02.632402] CV run 70/100
[2026-01-15 20:12:02.759054] CV run 71/100
[2026-01-15 20:12:02.897032] CV run 72/100
[2026-01-15 20:12:03.028413] CV run 73/100
[2026-01-15 20:12:03.162735] CV run 74/100
[2026-01-15 20:12:03.290018] CV run 75/100
[2026-01-15 20:12:03.421055] CV run 76/100
[2026-01-15 20:12:03.557294] CV run 77/100
[2026-01-15 20:12:03.697398] CV run 78/100
[2026-01-15 20:12:03.82781] CV run 79/100
[2026-01-15 20:12:03.961086] CV run 80/100
[2026-01-15 20:12:04.09639] CV run 81/100
[2026-01-15 20:12:04.226858] CV run 82/100
[2026-01-15 20:12:04.357082] CV run 83/100
[2026-01-15 20:12:04.48838] CV run 84/100
[2026-01-15 20:12:04.60978] CV run 85/100
[2026-01-15 20:12:04.744131] CV run 86/100
[2026-01-15 20:12:04.872111] CV run 87/100
[2026-01-15 20:12:05.00461] CV run 88/100
[2026-01-15 20:12:05.136154] CV run 89/100
[2026-01-15 20:12:05.266684] CV run 90/100
[2026-01-15 20:12:05.400112] CV run 91/100
[2026-01-15 20:12:05.52778] CV run 92/100
[2026-01-15 20:12:05.654734] CV run 93/100
[2026-01-15 20:12:05.788527] CV run 94/100
[2026-01-15 20:12:05.918643] CV run 95/100
[2026-01-15 20:12:06.044631] CV run 96/100
[2026-01-15 20:12:06.174435] CV run 97/100
[2026-01-15 20:12:06.307322] CV run 98/100
[2026-01-15 20:12:06.443308] CV run 99/100
[2026-01-15 20:12:06.577357] CV run 100/100
null device 
          1 
null device 
          1 
Rows: 8933 Columns: 24
── Column specification ────────────────────────────────────────────────────────
Delimiter: ","
chr (22): Authors, Author full names, Author(s) ID, Title, DOI, Link, Affili...
dbl  (2): id, Cited by

ℹ Use `spec()` to retrieve the full column specification for this data.
ℹ Specify the column types or set `show_col_types = FALSE` to quiet this message.
[2026-01-15 20:12:10.820896] Encoding full data (8933 abstracts)...
[2026-01-15 20:18:50.69278] Wrote filtered data: 5760/8933 rows kept.
