[2026-01-11 22:40:00.955829] Started. out_dir=Mapping_landscape_ABM/Outputs/filter_run_20260111_224000
Rows: 100 Columns: 3
── Column specification ────────────────────────────────────────────────────────
Delimiter: ","
chr (1): abstract
dbl (2): id, out_of_scope

ℹ Use `spec()` to retrieve the full column specification for this data.
ℹ Specify the column types or set `show_col_types = FALSE` to quiet this message.
[2026-01-11 22:41:17.270941] Encoding labels (100 abstracts)...
[2026-01-11 22:41:23.589862] Saved label embeddings.
[2026-01-11 22:41:23.616547] CV run 1/100
[2026-01-11 22:41:23.737636] CV run 2/100
[2026-01-11 22:41:23.840449] CV run 3/100
[2026-01-11 22:41:23.941181] CV run 4/100
[2026-01-11 22:41:24.042346] CV run 5/100
[2026-01-11 22:41:24.14661] CV run 6/100
[2026-01-11 22:41:24.246288] CV run 7/100
[2026-01-11 22:41:24.351983] CV run 8/100
[2026-01-11 22:41:24.45041] CV run 9/100
[2026-01-11 22:41:24.551453] CV run 10/100
[2026-01-11 22:41:24.653701] CV run 11/100
[2026-01-11 22:41:24.750936] CV run 12/100
[2026-01-11 22:41:24.859038] CV run 13/100
[2026-01-11 22:41:24.966113] CV run 14/100
[2026-01-11 22:41:25.067281] CV run 15/100
[2026-01-11 22:41:25.170983] CV run 16/100
[2026-01-11 22:41:25.270391] CV run 17/100
[2026-01-11 22:41:25.37016] CV run 18/100
[2026-01-11 22:41:25.474351] CV run 19/100
[2026-01-11 22:41:25.574352] CV run 20/100
[2026-01-11 22:41:25.677028] CV run 21/100
[2026-01-11 22:41:25.777993] CV run 22/100
[2026-01-11 22:41:25.878344] CV run 23/100
[2026-01-11 22:41:25.977844] CV run 24/100
[2026-01-11 22:41:26.079777] CV run 25/100
[2026-01-11 22:41:26.17903] CV run 26/100
[2026-01-11 22:41:26.281563] CV run 27/100
[2026-01-11 22:41:26.38476] CV run 28/100
[2026-01-11 22:41:26.484493] CV run 29/100
[2026-01-11 22:41:26.586733] CV run 30/100
[2026-01-11 22:41:26.685926] CV run 31/100
[2026-01-11 22:41:26.786643] CV run 32/100
[2026-01-11 22:41:26.889274] CV run 33/100
[2026-01-11 22:41:26.989073] CV run 34/100
[2026-01-11 22:41:27.089907] CV run 35/100
[2026-01-11 22:41:27.194172] CV run 36/100
[2026-01-11 22:41:27.29388] CV run 37/100
[2026-01-11 22:41:27.398928] CV run 38/100
[2026-01-11 22:41:27.502769] CV run 39/100
[2026-01-11 22:41:27.60327] CV run 40/100
[2026-01-11 22:41:27.704285] CV run 41/100
[2026-01-11 22:41:27.803301] CV run 42/100
[2026-01-11 22:41:27.908391] CV run 43/100
[2026-01-11 22:41:28.010565] CV run 44/100
[2026-01-11 22:41:28.109966] CV run 45/100
[2026-01-11 22:41:28.209922] CV run 46/100
[2026-01-11 22:41:28.307745] CV run 47/100
[2026-01-11 22:41:28.409657] CV run 48/100
[2026-01-11 22:41:28.510469] CV run 49/100
[2026-01-11 22:41:28.608718] CV run 50/100
[2026-01-11 22:41:28.712812] CV run 51/100
[2026-01-11 22:41:28.813095] CV run 52/100
[2026-01-11 22:41:28.912605] CV run 53/100
[2026-01-11 22:41:29.013437] CV run 54/100
[2026-01-11 22:41:29.111428] CV run 55/100
[2026-01-11 22:41:29.214619] CV run 56/100
[2026-01-11 22:41:29.316465] CV run 57/100
[2026-01-11 22:41:29.418409] CV run 58/100
[2026-01-11 22:41:29.518571] CV run 59/100
[2026-01-11 22:41:29.624725] CV run 60/100
[2026-01-11 22:41:29.721656] CV run 61/100
[2026-01-11 22:41:29.828139] CV run 62/100
[2026-01-11 22:41:29.928847] CV run 63/100
[2026-01-11 22:41:30.035297] CV run 64/100
[2026-01-11 22:41:30.135623] CV run 65/100
[2026-01-11 22:41:30.23325] CV run 66/100
[2026-01-11 22:41:30.337087] CV run 67/100
[2026-01-11 22:41:30.432476] CV run 68/100
[2026-01-11 22:41:30.687313] CV run 69/100
[2026-01-11 22:41:30.791605] CV run 70/100
[2026-01-11 22:41:30.894108] CV run 71/100
[2026-01-11 22:41:31.000397] CV run 72/100
[2026-01-11 22:41:31.09972] CV run 73/100
[2026-01-11 22:41:31.200029] CV run 74/100
[2026-01-11 22:41:31.298234] CV run 75/100
[2026-01-11 22:41:31.396328] CV run 76/100
[2026-01-11 22:41:31.499376] CV run 77/100
[2026-01-11 22:41:31.60002] CV run 78/100
[2026-01-11 22:41:31.704183] CV run 79/100
[2026-01-11 22:41:31.807463] CV run 80/100
[2026-01-11 22:41:31.907413] CV run 81/100
[2026-01-11 22:41:32.010144] CV run 82/100
[2026-01-11 22:41:32.108509] CV run 83/100
[2026-01-11 22:41:32.209677] CV run 84/100
[2026-01-11 22:41:32.30998] CV run 85/100
[2026-01-11 22:41:32.41642] CV run 86/100
[2026-01-11 22:41:32.515075] CV run 87/100
[2026-01-11 22:41:32.612308] CV run 88/100
[2026-01-11 22:41:32.712062] CV run 89/100
[2026-01-11 22:41:32.808492] CV run 90/100
[2026-01-11 22:41:32.911269] CV run 91/100
[2026-01-11 22:41:33.010569] CV run 92/100
[2026-01-11 22:41:33.112476] CV run 93/100
[2026-01-11 22:41:33.213611] CV run 94/100
[2026-01-11 22:41:33.312832] CV run 95/100
[2026-01-11 22:41:33.413824] CV run 96/100
[2026-01-11 22:41:33.510582] CV run 97/100
[2026-01-11 22:41:33.610132] CV run 98/100
[2026-01-11 22:41:33.714783] CV run 99/100
[2026-01-11 22:41:33.816041] CV run 100/100
null device 
          1 
null device 
          1 
Rows: 8933 Columns: 24
── Column specification ────────────────────────────────────────────────────────
Delimiter: ","
chr (22): Authors, Author full names, Author(s) ID, Title, DOI, Link, Affili...
dbl  (2): id, Cited by

ℹ Use `spec()` to retrieve the full column specification for this data.
ℹ Specify the column types or set `show_col_types = FALSE` to quiet this message.
[2026-01-11 22:41:36.10105] Encoding full data (8933 abstracts)...
[2026-01-11 22:49:58.396677] Wrote filtered data: 5812/8933 rows kept.
